// Jest Snapshot v1, https://goo.gl/fbAQLP

exports[`Link Component should be rendered correctly 1`] = `
<DocumentFragment>
  <a
    class="style__StyledLink-ikww7b-0 fUma-dV"
    href="https://github.com"
  >
    linguistic
  </a>
</DocumentFragment>
`;
